0.00000e+00
1.00268e+00
5.00192e+00
9.99811e+00
1.50000e+01
2.00020e+01
2.49981e+01
3.00001e+01
3.50020e+01
3.99982e+01
4.50000e+01
6.00000e+01
9.00000e+01
1.20000e+02
1.80000e+02
2.25000e+02
2.70000e+02
3.30000e+02
3.60000e+02
-1.50000e+01
-9.00000e+01
-1.20000e+02
-1.80000e+02
-2.25000e+02
-2.70000e+02
-3.30000e+02
