`> [8, 0] Program
   +> ListDeclClass [List with 0 elements]
   `> [8, 0] Main
      +> ListDeclVar [List with 1 elements]
      |  []> [9, 8] DeclVar
      |      +> [9, 4] Identifier (int)
      |      +> [9, 8] Identifier (x)
      |      `> [9, 10] Initialization
      |         `> [9, 12] Int (3)
      `> ListInst [List with 1 elements]
         []> [10, 4] IfThenElse
             +> [10, 11] Greater
             |  +> [10, 9] Identifier (x)
             |  `> [10, 13] Int (0)
             +> ListInst [List with 2 elements]
             |  []> [11, 8] Println
             |  ||  `> ListExpr [List with 2 elements]
             |  ||     []> [11, 16] StringLiteral (x > 0 : )
             |  ||     []> [11, 28] Identifier (x)
             |  []> [12, 8] IfThenElse
             |      +> [12, 15] Equals
             |      |  +> [12, 13] Identifier (x)
             |      |  `> [12, 18] Int (1)
             |      +> ListInst [List with 1 elements]
             |      |  []> [14, 12] Println
             |      |      `> ListExpr [List with 2 elements]
             |      |         []> [14, 20] StringLiteral (x = 1 : )
             |      |         []> [14, 32] Identifier (x)
             |      `> ListInst [List with 1 elements]
             |         []> [16, 13] IfThenElse
             |             +> [16, 19] Equals
             |             |  +> [16, 17] Identifier (x)
             |             |  `> [16, 22] Int (2)
             |             +> ListInst [List with 1 elements]
             |             |  []> [17, 12] Println
             |             |      `> ListExpr [List with 2 elements]
             |             |         []> [17, 20] StringLiteral (x = 3 : )
             |             |         []> [17, 32] Identifier (x)
             |             `> ListInst [List with 1 elements]
             |                []> [21, 12] Println
             |                    `> ListExpr [List with 2 elements]
             |                       []> [21, 20] StringLiteral ( x = )
             |                       []> [21, 29] Identifier (x)
             `> ListInst [List with 1 elements]
                []> [24, 8] Println
                    `> ListExpr [List with 2 elements]
                       []> [24, 16] StringLiteral (x < 0 : )
                       []> [24, 28] Identifier (x)
