`> [1, 0] Program
   +> ListDeclClass [List with 0 elements]
   `> [1, 0] Main
      +> ListDeclVar [List with 0 elements]
      `> ListInst [List with 0 elements]
