`> [10, 0] Program
   +> ListDeclClass [List with 0 elements]
   `> [10, 0] Main
      +> ListDeclVar [List with 0 elements]
      `> ListInst [List with 1 elements]
         []> [13, 1] Println
             `> ListExpr [List with 1 elements]
                []> [13, 9] StringLiteral (hello)
