`> [10, 0] Program
   +> ListDeclClass [List with 0 elements]
   `> [10, 0] Main
      +> ListDeclVar [List with 5 elements]
      |  []> [11, 10] DeclVar
      |  ||  +> [11, 4] Identifier (float)
      |  ||  |  definition: type (builtin), type=float
      |  ||  +> [11, 10] Identifier (u)
      |  ||  |  definition: variable defined at [11, 10], type=float
      |  ||  `> [11, 12] Initialization
      |  ||     `> [11, 14] Float (1.2)
      |  ||        type: float
      |  []> [12, 10] DeclVar
      |  ||  +> [12, 4] Identifier (float)
      |  ||  |  definition: type (builtin), type=float
      |  ||  +> [12, 10] Identifier (y)
      |  ||  |  definition: variable defined at [12, 10], type=float
      |  ||  `> NoInitialization
      |  []> [13, 10] DeclVar
      |  ||  +> [13, 4] Identifier (float)
      |  ||  |  definition: type (builtin), type=float
      |  ||  +> [13, 10] Identifier (z)
      |  ||  |  definition: variable defined at [13, 10], type=float
      |  ||  `> NoInitialization
      |  []> [14, 8] DeclVar
      |  ||  +> [14, 4] Identifier (int)
      |  ||  |  definition: type (builtin), type=int
      |  ||  +> [14, 8] Identifier (t)
      |  ||  |  definition: variable defined at [14, 8], type=int
      |  ||  `> [14, 10] Initialization
      |  ||     `> [14, 12] Int (3)
      |  ||        type: int
      |  []> [15, 10] DeclVar
      |      +> [15, 4] Identifier (float)
      |      |  definition: type (builtin), type=float
      |      +> [15, 10] Identifier (x)
      |      |  definition: variable defined at [15, 10], type=float
      |      `> NoInitialization
      `> ListInst [List with 6 elements]
         []> [16, 6] Assign
         ||  type: float
         ||  +> [16, 4] Identifier (y)
         ||  |  definition: variable defined at [12, 10], type=float
         ||  `> [16, 12] Divide
         ||     type: float
         ||     +> [16, 8] Float (7.2)
         ||     |  type: float
         ||     `> [16, 14] Identifier (u)
         ||        definition: variable defined at [11, 10], type=float
         []> [17, 6] Assign
         ||  type: float
         ||  +> [17, 4] Identifier (z)
         ||  |  definition: variable defined at [13, 10], type=float
         ||  `> [17, 10] Divide
         ||     type: float
         ||     +> ConvFloat
         ||     |  type: float
         ||     |  `> [17, 8] Int (1)
         ||     |     type: int
         ||     `> [17, 12] UnaryMinus
         ||        type: float
         ||        `> [17, 13] Float (3.2)
         ||           type: float
         []> [18, 6] Assign
         ||  type: float
         ||  +> [18, 4] Identifier (x)
         ||  |  definition: variable defined at [15, 10], type=float
         ||  `> [18, 10] Divide
         ||     type: float
         ||     +> ConvFloat
         ||     |  type: float
         ||     |  `> [18, 8] Identifier (t)
         ||     |     definition: variable defined at [14, 8], type=int
         ||     `> [18, 13] UnaryMinus
         ||        type: float
         ||        `> [18, 14] Identifier (z)
         ||           definition: variable defined at [13, 10], type=float
         []> [19, 4] Println
         ||  `> ListExpr [List with 2 elements]
         ||     []> [19, 12] StringLiteral (x=)
         ||     ||  type: string
         ||     []> [19, 18] Identifier (x)
         ||         definition: variable defined at [15, 10], type=float
         []> [20, 4] Println
         ||  `> ListExpr [List with 2 elements]
         ||     []> [20, 12] StringLiteral (y=)
         ||     ||  type: string
         ||     []> [20, 18] Identifier (y)
         ||         definition: variable defined at [12, 10], type=float
         []> [21, 4] Println
             `> ListExpr [List with 2 elements]
                []> [21, 12] StringLiteral (z=)
                ||  type: string
                []> [21, 18] Identifier (z)
                    definition: variable defined at [13, 10], type=float
