affect-incompatible.deca:13:7: Le type de variable suivant est incompatible pour l'affectation : boolean ( type attendue : int )
