Erreur : sortie de la methode A.getX sans instruction return.
