`> [10, 0] Program
   +> ListDeclClass [List with 0 elements]
   `> [10, 0] Main
      +> ListDeclVar [List with 1 elements]
      |  []> [11, 8] DeclVar
      |      +> [11, 4] Identifier (int)
      |      |  definition: type (builtin), type=int
      |      +> [11, 8] Identifier (x)
      |      |  definition: variable defined at [11, 8], type=int
      |      `> NoInitialization
      `> ListInst [List with 3 elements]
         []> [12, 4] Println
         ||  `> ListExpr [List with 1 elements]
         ||     []> [12, 12] StringLiteral (Veuillez entrer un nombre entier : )
         ||         type: string
         []> [13, 6] Assign
         ||  type: int
         ||  +> [13, 4] Identifier (x)
         ||  |  definition: variable defined at [11, 8], type=int
         ||  `> [13, 8] ReadInt
         ||     type: int
         []> [14, 4] Println
             `> ListExpr [List with 2 elements]
                []> [14, 12] StringLiteral (x=)
                ||  type: string
                []> [14, 18] Identifier (x)
                    definition: variable defined at [11, 8], type=int
