19methodcall_no_param_expected.deca:19:18: La méthode suivante n'attend aucun paramètre en entrée : getX.
