20method_call_less_params_expected.deca:21:18: La méthode suivante prend en entrée 1 paramètre(s) au lieu de 2 paramètre(s) : plus.
