src/test/deca/context/invalid/renduFinal/21method_call_more_params_expected.deca:19:18: La méthode suivante prend en entrée 1 paramètre(s) au lieu de 0 paramètre(s) : plus.
