`> [9, 0] Program
   +> ListDeclClass [List with 1 elements]
   |  []> [9, 0] DeclClass
   |      +> [9, 6] Identifier (B)
   |      +> Identifier (Object)
   |      +> ListDeclField [List with 1 elements]
   |      |  []> [10, 8] DeclField
   |      |      +> [10, 4] Identifier (int)
   |      |      +> [10, 8] Identifier (x)
   |      |      `> Initialization
   |      |         `> [10, 10] Int (2)
   |      `> ListDeclMethod [List with 1 elements]
   |         []> [11, 4] DeclMethod
   |             +> [11, 4] Identifier (void)
   |             +> [11, 9] Identifier (plus)
   |             +> ListDeclParam [List with 1 elements]
   |             |  []> [11, 14] DeclParam
   |             |      +> [11, 14] Identifier (void)
   |             |      `> [11, 19] Identifier (y)
   |             `> [11, 21] MethodBody
   |                +> ListDeclVar [List with 0 elements]
   |                `> ListInst [List with 1 elements]
   |                   []> [12, 13] Assign
   |                       +> [12, 12] Identifier (x)
   |                       `> [12, 15] Plus
   |                          +> [12, 14] Identifier (x)
   |                          `> [12, 16] Identifier (y)
   `> [16, 0] Main
      +> ListDeclVar [List with 1 elements]
      |  []> [17, 6] DeclVar
      |      +> [17, 4] Identifier (B)
      |      +> [17, 6] Identifier (b)
      |      `> [17, 8] Initialization
      |         `> [17, 10] New
      |            `> [17, 14] Identifier (B)
      `> ListInst [List with 0 elements]
